// Jest Snapshot v1, https://goo.gl/fbAQLP

exports[`Button 1`] = `
<button
  className="btn btn-primary add-button test disabled"
  onClick={undefined}
  type="button"
>
  Add
</button>
`;
